// Jest Snapshot v1, https://goo.gl/fbAQLP

exports[`Launchpad Tests Ensure Launchpad has not inadvertently changed 1`] = `
<DocumentFragment>
  <div
    class="launchpad"
  >
    <div
      class="launchpad-title-pane"
    >
      <h1>
        COVID DATA 
        <br />
         VISUALISATION
      </h1>
      <p>
        A powerful tool for the analysis and visualisation of COVID-19
      </p>
      <div
        class="row"
      >
        <div
          class="col"
        >
          <a
            href="/dashboard"
          >
            <button
              class="btn btn-warning btn-sm"
              type="button"
            >
              Launch
            </button>
          </a>
        </div>
      </div>
    </div>
    <div
      class="visualise-image"
    >
      <img
        alt="visualise-image"
        src="visualise-full-cropped-min.jpg"
      />
    </div>
  </div>
</DocumentFragment>
`;
